C:/RV COLLEGE OF ENGINEERING/Certification Courses/Udemy_Embedded_driver_development/STM32F407xx-GPIO-Driver-v2/STM32F407xx-GPIO-Driver-v2/drivers/Src/stm32f407xx_gpio_driver.c:14:6:GPIO_PericlockControl	16	static
C:/RV COLLEGE OF ENGINEERING/Certification Courses/Udemy_Embedded_driver_development/STM32F407xx-GPIO-Driver-v2/STM32F407xx-GPIO-Driver-v2/drivers/Src/stm32f407xx_gpio_driver.c:106:6:GPIO_Init	24	static
C:/RV COLLEGE OF ENGINEERING/Certification Courses/Udemy_Embedded_driver_development/STM32F407xx-GPIO-Driver-v2/STM32F407xx-GPIO-Driver-v2/drivers/Src/stm32f407xx_gpio_driver.c:167:6:GPIO_DeInit	16	static
C:/RV COLLEGE OF ENGINEERING/Certification Courses/Udemy_Embedded_driver_development/STM32F407xx-GPIO-Driver-v2/STM32F407xx-GPIO-Driver-v2/drivers/Src/stm32f407xx_gpio_driver.c:207:9:GPIO_ReadPin	24	static
C:/RV COLLEGE OF ENGINEERING/Certification Courses/Udemy_Embedded_driver_development/STM32F407xx-GPIO-Driver-v2/STM32F407xx-GPIO-Driver-v2/drivers/Src/stm32f407xx_gpio_driver.c:224:10:GPIO_ReadPort	24	static
C:/RV COLLEGE OF ENGINEERING/Certification Courses/Udemy_Embedded_driver_development/STM32F407xx-GPIO-Driver-v2/STM32F407xx-GPIO-Driver-v2/drivers/Src/stm32f407xx_gpio_driver.c:243:6:GPIO_WritePin	16	static
C:/RV COLLEGE OF ENGINEERING/Certification Courses/Udemy_Embedded_driver_development/STM32F407xx-GPIO-Driver-v2/STM32F407xx-GPIO-Driver-v2/drivers/Src/stm32f407xx_gpio_driver.c:265:6:GPIO_WritePort	16	static
../Src/main.c:41:6:delay	16	static
../Src/main.c:48:5:main	8	static
